// Jest Snapshot v1, https://goo.gl/fbAQLP

exports[`Should render Not found page 1`] = `
<div>
  <h1>
    404!
  </h1>
</div>
`;
